// Jest Snapshot v1, https://goo.gl/fbAQLP

exports[`Loader Render Snapshot 1`] = `
<div
  className="Loading"
  data-test="Loading"
>
  <div
    className="loader"
  />
</div>
`;
